error: missing documentation for a struct
  --> tests/ui/lints.rs:26:5
   |
26 |     #[open_enum]
   |     ^^^^^^^^^^^^
   |
note: the lint level is defined here
  --> tests/ui/lints.rs:23:13
   |
23 |     #![deny(missing_docs)]
   |             ^^^^^^^^^^^^
   = note: this error originates in the attribute macro `open_enum` (in Nightly builds, run with -Z macro-backtrace for more info)

error: missing documentation for a struct
  --> tests/ui/lints.rs:37:5
   |
37 |     #[open_enum]
   |     ^^^^^^^^^^^^
   |
note: the lint level is defined here
  --> tests/ui/lints.rs:38:12
   |
38 |     #[deny(missing_docs)]
   |            ^^^^^^^^^^^^
   = note: this error originates in the attribute macro `open_enum` (in Nightly builds, run with -Z macro-backtrace for more info)

warning: missing documentation for a struct
  --> tests/ui/lints.rs:50:5
   |
50 |     #[open_enum]
   |     ^^^^^^^^^^^^
   |
note: the lint level is defined here
  --> tests/ui/lints.rs:49:12
   |
49 |     #[warn(missing_docs)]
   |            ^^^^^^^^^^^^
   = note: this warning originates in the attribute macro `open_enum` (in Nightly builds, run with -Z macro-backtrace for more info)

error: missing documentation for a struct
  --> tests/ui/lints.rs:61:5
   |
61 |     #[open_enum]
   |     ^^^^^^^^^^^^
   |
note: the lint level is defined here
  --> tests/ui/lints.rs:62:14
   |
62 |     #[forbid(missing_docs)]
   |              ^^^^^^^^^^^^
   = note: this error originates in the attribute macro `open_enum` (in Nightly builds, run with -Z macro-backtrace for more info)
